// Jest Snapshot v1, https://goo.gl/fbAQLP

exports[`Renders EquipmentList 1`] = `
<div>
  <h3>
    Category A
  </h3>
  <div>
    <button
      onClick={[Function]}
    >
      Item a1
    </button>
    <button
      onClick={[Function]}
    >
      Item a2
    </button>
    <button
      onClick={[Function]}
    >
      Item a3
    </button>
  </div>
  <button
    onClick={[Function]}
  >
    Back
  </button>
</div>
`;
